Test Report Document
==================

Patient: John Doe
Test Date: October 17, 2025
Lab: ANPro Health Tech Lab

Test Results:
- Blood Pressure: 120/80 mmHg
- Heart Rate: 72 bpm
- Temperature: 98.6°F
- Blood Sugar: 95 mg/dL

All results are within normal ranges.

Doctor: Dr. Smith
Report Generated: 2025-10-17 08:45:00